Run log: /Users/joblaundry/JobLaundry/drone/testrun/src_mpu/simulate/logs/hil_20260915_000702_m0uJTf.log
== Selected HIL scenarios ==
  stabilization_reaction_test.py
== Uploading WOKWI_SIM firmware to /dev/cu.usbmodem14201 ==
Processing wokwi_sim (platform: espressif32; board: esp32-s3-devkitc-1-n16r8; framework: arduino)
--------------------------------------------------------------------------------
Verbose mode can be enabled via `-v, --verbose` option
CONFIGURATION: https://docs.platformio.org/page/boards/espressif32/esp32-s3-devkitc-1-n16r8.html
PLATFORM: Espressif 32 (7.0.1) > Espressif ESP32-S3-DevKitC-1-N16R8 (16 MB, 8 MB PSRAM)
HARDWARE: ESP32S3 240MHz, 320KB RAM, 16MB Flash
DEBUG: Current (esp-builtin) On-board (esp-builtin) External (cmsis-dap, esp-bridge, esp-prog, iot-bus-jtag, jlink, minimodule, olimex-arm-usb-ocd, olimex-arm-usb-ocd-h, olimex-arm-usb-tiny-h, olimex-jtag-tiny, tumpa)
PACKAGES: 
 - framework-arduinoespressif32 @ 3.20017.241212+sha.dcc1105b 
 - tool-esptoolpy @ 2.41100.0 (4.11.0) 
 - tool-mkfatfs @ 2.0.1 
 - tool-mklittlefs @ 1.203.210628 (2.3) 
 - tool-mkspiffs @ 2.230.0 (2.30) 
 - tool-openocd-esp32 @ 2.1100.20220706 (11.0) 
 - toolchain-riscv32-esp @ 8.4.0+2021r2-patch5 
 - toolchain-xtensa-esp32s3 @ 8.4.0+2021r2-patch5
Converting ESP32_MPU_6050_Web_Server.ino
LDF: Library Dependency Finder -> https://bit.ly/configure-pio-ldf
LDF Modes: Finder ~ chain, Compatibility ~ soft
Found 45 compatible libraries
Scanning dependencies...
Dependency Graph
|-- AsyncTCP @ 3.5.0
|-- ESPAsyncWebServer @ 3.12.0
|-- Adafruit MPU6050 @ 2.2.9
|-- Adafruit Unified Sensor @ 1.1.15
|-- ArduinoJson @ 7.4.3
|-- Madgwick @ 1.2.0
|-- Adafruit BME280 Library @ 2.3.0
|-- TinyGPSPlus @ 1.1.0
|-- QMC5883LCompass @ 1.2.3
|-- Preferences @ 2.0.0
|-- Wire @ 2.0.0
Building in release mode
Compiling .pio/build/wokwi_sim/src/ESP32_MPU_6050_Web_Server.ino.cpp.o
Linking .pio/build/wokwi_sim/firmware.elf
Retrieving maximum program size .pio/build/wokwi_sim/firmware.elf
Checking size .pio/build/wokwi_sim/firmware.elf
Advanced Memory Usage is available via "PlatformIO Home > Project Inspect"
RAM:   [=         ]   6.5% (used 21380 bytes from 327680 bytes)
Flash: [=         ]   5.5% (used 359041 bytes from 6553600 bytes)
Building .pio/build/wokwi_sim/firmware.bin with action:
  "$PYTHONEXE" "$OBJCOPY" --chip esp32s3 elf2image --flash_mode ${__get_board_flash_mode(__env__)} --flash_freq ${__get_board_f_image(__env__)} --flash_size 16MB --elf-sha256-offset 0xb0 -o $TARGET $SOURCES
Building .pio/build/wokwi_sim/firmware.bin
esptool.py v4.11.0
Creating esp32s3 image...
Merged 2 ELF sections
Successfully created esp32s3 image.
Configuring upload protocol...
AVAILABLE: cmsis-dap, esp-bridge, esp-builtin, esp-prog, espota, esptool, iot-bus-jtag, jlink, minimodule, olimex-arm-usb-ocd, olimex-arm-usb-ocd-h, olimex-arm-usb-tiny-h, olimex-jtag-tiny, tumpa
CURRENT: upload_protocol = esptool
Looking for upload port...
Using manually specified: /dev/cu.usbmodem14201
Uploading .pio/build/wokwi_sim/firmware.bin
esptool.py v4.11.0
Serial port /dev/cu.usbmodem14201
Connecting...
Chip is ESP32-S3 (QFN56) (revision v0.2)
Features: WiFi, BLE, Embedded PSRAM 8MB (AP_3v3)
Crystal is 40MHz
USB mode: USB-Serial/JTAG
MAC: e0:72:a1:db:c6:20
Uploading stub...
Running stub...
Stub running...
Changing baud rate to 460800
Changed.
Configuring flash size...
Flash will be erased from 0x00000000 to 0x00003fff...
Flash will be erased from 0x00008000 to 0x00008fff...
Flash will be erased from 0x0000e000 to 0x0000ffff...
Flash will be erased from 0x00010000 to 0x00067fff...
SHA digest in image updated
Compressed 15104 bytes to 10429...
Writing at 0x00000000... (100 %)
Wrote 15104 bytes (10429 compressed) at 0x00000000 in 0.2 seconds (effective 674.1 kbit/s)...
Hash of data verified.
Compressed 3072 bytes to 146...
Writing at 0x00008000... (100 %)
Wrote 3072 bytes (146 compressed) at 0x00008000 in 0.0 seconds (effective 729.2 kbit/s)...
Hash of data verified.
Compressed 8192 bytes to 47...
Writing at 0x0000e000... (100 %)
Wrote 8192 bytes (47 compressed) at 0x0000e000 in 0.1 seconds (effective 1024.1 kbit/s)...
Hash of data verified.
Compressed 359408 bytes to 206378...
Writing at 0x00010000... (7 %)
Writing at 0x0001b5d8... (15 %)
Writing at 0x00026ea4... (23 %)
Writing at 0x0002c3fe... (30 %)
Writing at 0x00031e7f... (38 %)
Writing at 0x000386eb... (46 %)
Writing at 0x0003e174... (53 %)
Writing at 0x000435e4... (61 %)
Writing at 0x00048bee... (69 %)
Writing at 0x0004e1f2... (76 %)
Writing at 0x00053a9c... (84 %)
Writing at 0x0005bfab... (92 %)
Writing at 0x00064365... (100 %)
Wrote 359408 bytes (206378 compressed) at 0x00010000 in 2.2 seconds (effective 1282.0 kbit/s)...
Hash of data verified.

Leaving...
Hard resetting via RTS pin...
========================= [SUCCESS] Took 13.98 seconds =========================

Environment    Status    Duration
-------------  --------  ------------
wokwi_sim      SUCCESS   00:00:13.980
========================= 1 succeeded in 00:00:13.980 =========================
== Running HIL scenario: /Users/joblaundry/JobLaundry/drone/testrun/src_mpu/simulate/scenarios/stabilization_reaction_test.py ==
[HIL] Opening /dev/cu.usbmodem14201...
[HIL] Waiting for firmware (PING handshake)...
[FW] '[SENSORS] Sim mode -- sensors driven by the HIL runner.'
[FW] '[HIL] Ready.'
[FW] '[HIL] Ready.'
[FW] '[HIL] Ready.'
[FW] '[HIL] State reset.'
[HIL] Firmware ready. Loading scenario: /Users/joblaundry/JobLaundry/drone/testrun/src_mpu/simulate/scenarios/stabilization_reaction_test.py
[FW] '[CRSF] MANUAL switch -- pilot has the sticks.'
[FW] '[HIL_GATE] request=MANUAL reason=MANUAL_ON'
[STATE] Drone is on the ground and ready. Gate: waiting for approval to enter MANUAL.
[HIL] Approved phase transition to MANUAL
[FW] '[HIL_GATE] approved=MANUAL'
[STATE] Drone is on the ground and ready. Gate: waiting for approval to enter MANUAL.
[STATE] Drone is flying under manual RC-stick control. Gate: no approval pending.
[FW] '[MOTOR] base=0.17 roll=0.000 pitch=0.000 m1=0.175 m2=0.175 m3=0.175 m4=0.175'
[FW] '[MOTOR] base=0.18 roll=-0.103 pitch=0.000 m1=0.078 m2=0.284 m3=0.078 m4=0.284'
[FW] '[MOTOR] base=0.19 roll=0.100 pitch=0.000 m1=0.287 m2=0.087 m3=0.287 m4=0.087'
[FW] '[MOTOR] base=0.19 roll=0.000 pitch=-0.103 m1=0.090 m2=0.090 m3=0.296 m4=0.296'
[FW] '[MOTOR] base=0.20 roll=0.000 pitch=0.100 m1=0.299 m2=0.299 m3=0.099 m4=0.099'
[FW] '[MOTOR] base=0.20 roll=-0.300 pitch=-0.000 m1=0.000 m2=0.505 m3=0.000 m4=0.505'

RESULT: PASS
== Passed HIL scenario: /Users/joblaundry/JobLaundry/drone/testrun/src_mpu/simulate/scenarios/stabilization_reaction_test.py ==
== All selected HIL scenarios passed ==
