Run log: /Users/joblaundry/JobLaundry/drone/testrun/src_mpu/simulate/logs/hil_20260912_115316_T3CemY.log
Auto-discovered ESP32 port: /dev/cu.usbmodem14201
== Selected HIL scenarios ==
  edge_max_flight_timeout.py
  full_flight_test.py
== Uploading WOKWI_SIM firmware to /dev/cu.usbmodem14201 ==
Processing wokwi_sim (platform: espressif32; board: esp32-s3-devkitc-1-n16r8; framework: arduino)
--------------------------------------------------------------------------------
Verbose mode can be enabled via `-v, --verbose` option
CONFIGURATION: https://docs.platformio.org/page/boards/espressif32/esp32-s3-devkitc-1-n16r8.html
PLATFORM: Espressif 32 (7.0.1) > Espressif ESP32-S3-DevKitC-1-N16R8 (16 MB, 8 MB PSRAM)
HARDWARE: ESP32S3 240MHz, 320KB RAM, 16MB Flash
DEBUG: Current (esp-builtin) On-board (esp-builtin) External (cmsis-dap, esp-bridge, esp-prog, iot-bus-jtag, jlink, minimodule, olimex-arm-usb-ocd, olimex-arm-usb-ocd-h, olimex-arm-usb-tiny-h, olimex-jtag-tiny, tumpa)
PACKAGES: 
 - framework-arduinoespressif32 @ 3.20017.241212+sha.dcc1105b 
 - tool-esptoolpy @ 2.41100.0 (4.11.0) 
 - tool-mkfatfs @ 2.0.1 
 - tool-mklittlefs @ 1.203.210628 (2.3) 
 - tool-mkspiffs @ 2.230.0 (2.30) 
 - tool-openocd-esp32 @ 2.1100.20220706 (11.0) 
 - toolchain-riscv32-esp @ 8.4.0+2021r2-patch5 
 - toolchain-xtensa-esp32s3 @ 8.4.0+2021r2-patch5
Converting ESP32_MPU_6050_Web_Server.ino
LDF: Library Dependency Finder -> https://bit.ly/configure-pio-ldf
LDF Modes: Finder ~ chain, Compatibility ~ soft
Found 45 compatible libraries
Scanning dependencies...
Dependency Graph
|-- AsyncTCP @ 3.5.0
|-- ESPAsyncWebServer @ 3.12.0
|-- Adafruit MPU6050 @ 2.2.9
|-- Adafruit Unified Sensor @ 1.1.15
|-- ArduinoJson @ 7.4.3
|-- Madgwick @ 1.2.0
|-- Adafruit BME280 Library @ 2.3.0
|-- TinyGPSPlus @ 1.1.0
|-- QMC5883LCompass @ 1.2.3
|-- LittleFS @ 2.0.0
|-- Preferences @ 2.0.0
|-- WiFi @ 2.0.0
|-- Wire @ 2.0.0
Building in release mode
Compiling .pio/build/wokwi_sim/src/ESP32_MPU_6050_Web_Server.ino.cpp.o
Retrieving maximum program size .pio/build/wokwi_sim/firmware.elf
Checking size .pio/build/wokwi_sim/firmware.elf
Advanced Memory Usage is available via "PlatformIO Home > Project Inspect"
RAM:   [=         ]   6.5% (used 21236 bytes from 327680 bytes)
Flash: [=         ]   5.6% (used 364801 bytes from 6553600 bytes)
Configuring upload protocol...
AVAILABLE: cmsis-dap, esp-bridge, esp-builtin, esp-prog, espota, esptool, iot-bus-jtag, jlink, minimodule, olimex-arm-usb-ocd, olimex-arm-usb-ocd-h, olimex-arm-usb-tiny-h, olimex-jtag-tiny, tumpa
CURRENT: upload_protocol = esptool
Looking for upload port...
Using manually specified: /dev/cu.usbmodem14201
Uploading .pio/build/wokwi_sim/firmware.bin
esptool.py v4.11.0
Serial port /dev/cu.usbmodem14201
Connecting...
Chip is ESP32-S3 (QFN56) (revision v0.2)
Features: WiFi, BLE, Embedded PSRAM 8MB (AP_3v3)
Crystal is 40MHz
USB mode: USB-Serial/JTAG
MAC: e0:72:a1:db:c6:20
Uploading stub...
Running stub...
Stub running...
Changing baud rate to 460800
Changed.
Configuring flash size...
Flash will be erased from 0x00000000 to 0x00003fff...
Flash will be erased from 0x00008000 to 0x00008fff...
Flash will be erased from 0x0000e000 to 0x0000ffff...
Flash will be erased from 0x00010000 to 0x00069fff...
SHA digest in image updated
Compressed 15104 bytes to 10429...
Writing at 0x00000000... (100 %)
Wrote 15104 bytes (10429 compressed) at 0x00000000 in 0.2 seconds (effective 669.9 kbit/s)...
Hash of data verified.
Compressed 3072 bytes to 146...
Writing at 0x00008000... (100 %)
Wrote 3072 bytes (146 compressed) at 0x00008000 in 0.0 seconds (effective 709.1 kbit/s)...
Hash of data verified.
Compressed 8192 bytes to 47...
Writing at 0x0000e000... (100 %)
Wrote 8192 bytes (47 compressed) at 0x0000e000 in 0.1 seconds (effective 943.6 kbit/s)...
Hash of data verified.
Compressed 365168 bytes to 207148...
Writing at 0x00010000... (7 %)
Writing at 0x0001b94b... (15 %)
Writing at 0x00028752... (23 %)
Writing at 0x0002dbc5... (30 %)
Writing at 0x000338bc... (38 %)
Writing at 0x00039447... (46 %)
Writing at 0x0003efb3... (53 %)
Writing at 0x00044659... (61 %)
Writing at 0x000499f1... (69 %)
Writing at 0x0004f419... (76 %)
Writing at 0x00054ab9... (84 %)
Writing at 0x0005ce01... (92 %)
Writing at 0x0006544a... (100 %)
Wrote 365168 bytes (207148 compressed) at 0x00010000 in 2.3 seconds (effective 1286.6 kbit/s)...
Hash of data verified.

Leaving...
Hard resetting via RTS pin...
========================= [SUCCESS] Took 9.63 seconds =========================

Environment    Status    Duration
-------------  --------  ------------
wokwi_sim      SUCCESS   00:00:09.626
========================= 1 succeeded in 00:00:09.626 =========================
== Running HIL scenario: /Users/joblaundry/JobLaundry/drone/testrun/src_mpu/simulate/scenarios/edge_max_flight_timeout.py ==
[HIL] Opening /dev/cu.usbmodem14201...
[HIL] Waiting for firmware (PING handshake)...
[FW] '[WIFI] Sim mode — skipping WiFi, HIL runner talks over serial only.'
[FW] '[BARO] Sim mode -- barometer driven by HIL runner (ALT: commands).'
[FW] '[HIL] Ready.'
[HIL] Firmware ready. Loading scenario: /Users/joblaundry/JobLaundry/drone/testrun/src_mpu/simulate/scenarios/edge_max_flight_timeout.py
[FW] '[HIL] Ready.'
[FW] '[HIL] Ready.'
[FW] '[CRSF] START switch -- arming and taking off.'
[FW] '[HIL_GATE] request=RAISE reason=OPERATOR_START'
[STATE] Drone is on the ground and ready. Gate: waiting for approval to enter RAISE.
[HIL] Approved phase transition to RAISE
[FW] '[HIL_GATE] approved=RAISE'
[STATE] Drone is on the ground and ready. Gate: waiting for approval to enter RAISE.
[STATE] Drone is climbing to takeoff altitude. Gate: no approval pending.
[FW] '[NAV] Takeoff altitude reached, transitioning to HOLD.'
[FW] '[HIL_GATE] request=HOLD reason=TAKEOFF_COMPLETE'
[STATE] Drone is climbing to takeoff altitude. Gate: waiting for approval to enter HOLD.
[HIL] Approved phase transition to HOLD
[FW] '[HIL_GATE] approved=HOLD'
[STATE] Drone is climbing to takeoff altitude. Gate: waiting for approval to enter HOLD.
[STATE] Drone is hovering in place. Gate: no approval pending.
[FW] '[SAFETY] Max flight time reached — forcing RTL.'
[FW] '[HIL_GATE] request=RTL reason=MAX_FLIGHT_TIME'
[STATE] Drone is hovering in place. Gate: waiting for approval to enter RTL.
[HIL] Approved phase transition to RTL
[FW] '[HIL_GATE] approved=RTL'
[STATE] Drone is hovering in place. Gate: waiting for approval to enter RTL.
[STATE] Drone is returning to the launch point; RTL climbing to RTL altitude. Gate: no approval pending.
[FW] '[RTL] Climb complete. Returning to launch.'
[FW] '[RTL] Arrived over launch pad. Settling.'
[STATE] Drone is returning to the launch point; RTL settling over the launch point. Gate: no approval pending.
[FW] '[RTL] Settle complete. Beginning landing.'
[FW] 't=LANDING reason=RTL_COMPLETE'
[STATE] Drone is returning to the launch point; RTL settling over the launch point. Gate: waiting for approval to enter LANDING.
[HIL] Approved phase transition to LANDING
[FW] '[HIL_GATE] approved=LANDING'
[STATE] Drone is returning to the launch point; RTL settling over the launch point. Gate: waiting for approval to enter LANDING.
[STATE] Drone is descending to land. Gate: no approval pending.
[FW] '[NAV] Landed — motors disarmed.'
[STATE] Drone is descending to land. Gate: waiting for approval to enter LANDED.
[HIL] Approved phase transition to LANDED
[FW] '[HIL_GATE] approved=LANDED'
[STATE] Drone is on the ground with motors disarmed. Gate: no approval pending.

RESULT: PASS
== Passed HIL scenario: /Users/joblaundry/JobLaundry/drone/testrun/src_mpu/simulate/scenarios/edge_max_flight_timeout.py ==
== Running HIL scenario: /Users/joblaundry/JobLaundry/drone/testrun/src_mpu/simulate/scenarios/full_flight_test.py ==
[HIL] Opening /dev/cu.usbmodem14201...
[HIL] Waiting for firmware (PING handshake)...
[FW] '[HIL] Ready.'
[HIL] Firmware ready. Loading scenario: /Users/joblaundry/JobLaundry/drone/testrun/src_mpu/simulate/scenarios/full_flight_test.py
[FW] '[CRSF] START switch -- arming and taking off.'
[FW] '[HIL_GATE] request=RAISE reason=OPERATOR_START'
[STATE] Drone is on the ground with motors disarmed. Gate: waiting for approval to enter RAISE.

[HIL] FAIL: Expected START to be rejected with no GPS fix

RESULT: FAIL
