Run log: /Users/joblaundry/JobLaundry/drone/testrun/src_mpu/simulate/logs/hil_20260914_233634_xMlBsR.log
== Selected HIL scenarios ==
  edge_geofence_breach.py
  edge_gps_permanent_loss.py
  edge_max_flight_timeout.py
  full_flight_test.py
  manual_flight_test.py
== Uploading WOKWI_SIM firmware to /dev/cu.usbmodem14201 ==
Processing wokwi_sim (platform: espressif32; board: esp32-s3-devkitc-1-n16r8; framework: arduino)
--------------------------------------------------------------------------------
Verbose mode can be enabled via `-v, --verbose` option
CONFIGURATION: https://docs.platformio.org/page/boards/espressif32/esp32-s3-devkitc-1-n16r8.html
PLATFORM: Espressif 32 (7.0.1) > Espressif ESP32-S3-DevKitC-1-N16R8 (16 MB, 8 MB PSRAM)
HARDWARE: ESP32S3 240MHz, 320KB RAM, 16MB Flash
DEBUG: Current (esp-builtin) On-board (esp-builtin) External (cmsis-dap, esp-bridge, esp-prog, iot-bus-jtag, jlink, minimodule, olimex-arm-usb-ocd, olimex-arm-usb-ocd-h, olimex-arm-usb-tiny-h, olimex-jtag-tiny, tumpa)
PACKAGES: 
 - framework-arduinoespressif32 @ 3.20017.241212+sha.dcc1105b 
 - tool-esptoolpy @ 2.41100.0 (4.11.0) 
 - tool-mkfatfs @ 2.0.1 
 - tool-mklittlefs @ 1.203.210628 (2.3) 
 - tool-mkspiffs @ 2.230.0 (2.30) 
 - tool-openocd-esp32 @ 2.1100.20220706 (11.0) 
 - toolchain-riscv32-esp @ 8.4.0+2021r2-patch5 
 - toolchain-xtensa-esp32s3 @ 8.4.0+2021r2-patch5
Converting ESP32_MPU_6050_Web_Server.ino
LDF: Library Dependency Finder -> https://bit.ly/configure-pio-ldf
LDF Modes: Finder ~ chain, Compatibility ~ soft
Found 45 compatible libraries
Scanning dependencies...
Dependency Graph
|-- AsyncTCP @ 3.5.0
|-- ESPAsyncWebServer @ 3.12.0
|-- Adafruit MPU6050 @ 2.2.9
|-- Adafruit Unified Sensor @ 1.1.15
|-- ArduinoJson @ 7.4.3
|-- Madgwick @ 1.2.0
|-- Adafruit BME280 Library @ 2.3.0
|-- TinyGPSPlus @ 1.1.0
|-- QMC5883LCompass @ 1.2.3
|-- Preferences @ 2.0.0
|-- Wire @ 2.0.0
Building in release mode
Compiling .pio/build/wokwi_sim/src/ESP32_MPU_6050_Web_Server.ino.cpp.o
Building .pio/build/wokwi_sim/bootloader.bin
Generating partitions .pio/build/wokwi_sim/partitions.bin
esptool.py v4.11.0
Creating esp32s3 image...
Merged 1 ELF section
Successfully created esp32s3 image.
Compiling .pio/build/wokwi_sim/libf49/AsyncTCP/AsyncTCP.cpp.o
Compiling .pio/build/wokwi_sim/lib4ba/WiFi/WiFi.cpp.o
Compiling .pio/build/wokwi_sim/lib4ba/WiFi/WiFiAP.cpp.o
Compiling .pio/build/wokwi_sim/lib4ba/WiFi/WiFiClient.cpp.o
Compiling .pio/build/wokwi_sim/lib4ba/WiFi/WiFiGeneric.cpp.o
Compiling .pio/build/wokwi_sim/lib4ba/WiFi/WiFiMulti.cpp.o
Compiling .pio/build/wokwi_sim/lib4ba/WiFi/WiFiSTA.cpp.o
Compiling .pio/build/wokwi_sim/lib4ba/WiFi/WiFiScan.cpp.o
Compiling .pio/build/wokwi_sim/lib4ba/WiFi/WiFiServer.cpp.o
Archiving .pio/build/wokwi_sim/libf49/libAsyncTCP.a
Indexing .pio/build/wokwi_sim/libf49/libAsyncTCP.a
Compiling .pio/build/wokwi_sim/lib4ba/WiFi/WiFiUdp.cpp.o
Compiling .pio/build/wokwi_sim/lib49e/FS/FS.cpp.o
Compiling .pio/build/wokwi_sim/lib49e/FS/vfs_api.cpp.o
Compiling .pio/build/wokwi_sim/lib300/ESPAsyncWebServer/AsyncEventSource.cpp.o
Compiling .pio/build/wokwi_sim/lib300/ESPAsyncWebServer/AsyncJson.cpp.o
Compiling .pio/build/wokwi_sim/lib300/ESPAsyncWebServer/AsyncWebHeader.cpp.o
Compiling .pio/build/wokwi_sim/lib300/ESPAsyncWebServer/AsyncWebServerRequest.cpp.o
Compiling .pio/build/wokwi_sim/lib300/ESPAsyncWebServer/AsyncWebSocket.cpp.o
Archiving .pio/build/wokwi_sim/lib4ba/libWiFi.a
Indexing .pio/build/wokwi_sim/lib4ba/libWiFi.a
Compiling .pio/build/wokwi_sim/lib300/ESPAsyncWebServer/BackPort_SHA1Builder.cpp.o
Compiling .pio/build/wokwi_sim/lib300/ESPAsyncWebServer/ChunkPrint.cpp.o
Compiling .pio/build/wokwi_sim/lib300/ESPAsyncWebServer/Middleware.cpp.o
Archiving .pio/build/wokwi_sim/lib49e/libFS.a
Indexing .pio/build/wokwi_sim/lib49e/libFS.a
Compiling .pio/build/wokwi_sim/lib300/ESPAsyncWebServer/WebAuthentication.cpp.o
Compiling .pio/build/wokwi_sim/lib300/ESPAsyncWebServer/WebHandlers.cpp.o
Compiling .pio/build/wokwi_sim/lib300/ESPAsyncWebServer/WebRequest.cpp.o
Compiling .pio/build/wokwi_sim/lib300/ESPAsyncWebServer/WebResponses.cpp.o
Compiling .pio/build/wokwi_sim/lib300/ESPAsyncWebServer/WebServer.cpp.o
Compiling .pio/build/wokwi_sim/lib629/Wire/Wire.cpp.o
Compiling .pio/build/wokwi_sim/lib6c8/SPI/SPI.cpp.o
Compiling .pio/build/wokwi_sim/libbc8/Adafruit BusIO/Adafruit_BusIO_Register.cpp.o
Compiling .pio/build/wokwi_sim/libbc8/Adafruit BusIO/Adafruit_GenericDevice.cpp.o
Compiling .pio/build/wokwi_sim/libbc8/Adafruit BusIO/Adafruit_I2CDevice.cpp.o
Archiving .pio/build/wokwi_sim/lib629/libWire.a
Indexing .pio/build/wokwi_sim/lib629/libWire.a
Compiling .pio/build/wokwi_sim/libbc8/Adafruit BusIO/Adafruit_SPIDevice.cpp.o
Archiving .pio/build/wokwi_sim/lib6c8/libSPI.a
Indexing .pio/build/wokwi_sim/lib6c8/libSPI.a
Compiling .pio/build/wokwi_sim/lib865/Adafruit Unified Sensor/Adafruit_Sensor.cpp.o
Compiling .pio/build/wokwi_sim/lib706/Adafruit MPU6050/Adafruit_MPU6050.cpp.o
Compiling .pio/build/wokwi_sim/lib65c/Madgwick/MadgwickAHRS.cpp.o
Compiling .pio/build/wokwi_sim/lib089/Adafruit BME280 Library/Adafruit_BME280.cpp.o
Archiving .pio/build/wokwi_sim/lib300/libESPAsyncWebServer.a
Archiving .pio/build/wokwi_sim/lib865/libAdafruit Unified Sensor.a
Archiving .pio/build/wokwi_sim/lib65c/libMadgwick.a
Archiving .pio/build/wokwi_sim/libbc8/libAdafruit BusIO.a
Indexing .pio/build/wokwi_sim/lib865/libAdafruit Unified Sensor.a
Indexing .pio/build/wokwi_sim/lib65c/libMadgwick.a
Indexing .pio/build/wokwi_sim/libbc8/libAdafruit BusIO.a
Indexing .pio/build/wokwi_sim/lib300/libESPAsyncWebServer.a
Compiling .pio/build/wokwi_sim/libd87/TinyGPSPlus/TinyGPS++.cpp.o
Compiling .pio/build/wokwi_sim/libfb8/QMC5883LCompass/QMC5883LCompass.cpp.o
Compiling .pio/build/wokwi_sim/libdf2/Preferences/Preferences.cpp.o
Compiling .pio/build/wokwi_sim/FrameworkArduino/Esp.cpp.o
Archiving .pio/build/wokwi_sim/lib706/libAdafruit MPU6050.a
Compiling .pio/build/wokwi_sim/FrameworkArduino/FirmwareMSC.cpp.o
Indexing .pio/build/wokwi_sim/lib706/libAdafruit MPU6050.a
Compiling .pio/build/wokwi_sim/FrameworkArduino/FunctionalInterrupt.cpp.o
Compiling .pio/build/wokwi_sim/FrameworkArduino/HWCDC.cpp.o
Archiving .pio/build/wokwi_sim/lib089/libAdafruit BME280 Library.a
Indexing .pio/build/wokwi_sim/lib089/libAdafruit BME280 Library.a
Compiling .pio/build/wokwi_sim/FrameworkArduino/HardwareSerial.cpp.o
Archiving .pio/build/wokwi_sim/libd87/libTinyGPSPlus.a
Indexing .pio/build/wokwi_sim/libd87/libTinyGPSPlus.a
Compiling .pio/build/wokwi_sim/FrameworkArduino/IPAddress.cpp.o
Archiving .pio/build/wokwi_sim/libfb8/libQMC5883LCompass.a
Compiling .pio/build/wokwi_sim/FrameworkArduino/IPv6Address.cpp.o
Indexing .pio/build/wokwi_sim/libfb8/libQMC5883LCompass.a
Compiling .pio/build/wokwi_sim/FrameworkArduino/MD5Builder.cpp.o
Compiling .pio/build/wokwi_sim/FrameworkArduino/Print.cpp.o
Compiling .pio/build/wokwi_sim/FrameworkArduino/Stream.cpp.o
Archiving .pio/build/wokwi_sim/libdf2/libPreferences.a
Indexing .pio/build/wokwi_sim/libdf2/libPreferences.a
Compiling .pio/build/wokwi_sim/FrameworkArduino/StreamString.cpp.o
Compiling .pio/build/wokwi_sim/FrameworkArduino/Tone.cpp.o
Compiling .pio/build/wokwi_sim/FrameworkArduino/USB.cpp.o
Compiling .pio/build/wokwi_sim/FrameworkArduino/USBCDC.cpp.o
Compiling .pio/build/wokwi_sim/FrameworkArduino/USBMSC.cpp.o
Compiling .pio/build/wokwi_sim/FrameworkArduino/WMath.cpp.o
Compiling .pio/build/wokwi_sim/FrameworkArduino/WString.cpp.o
Compiling .pio/build/wokwi_sim/FrameworkArduino/base64.cpp.o
Compiling .pio/build/wokwi_sim/FrameworkArduino/cbuf.cpp.o
Compiling .pio/build/wokwi_sim/FrameworkArduino/esp32-hal-adc.c.o
Compiling .pio/build/wokwi_sim/FrameworkArduino/esp32-hal-bt.c.o
Compiling .pio/build/wokwi_sim/FrameworkArduino/esp32-hal-cpu.c.o
Compiling .pio/build/wokwi_sim/FrameworkArduino/esp32-hal-dac.c.o
Compiling .pio/build/wokwi_sim/FrameworkArduino/esp32-hal-gpio.c.o
Compiling .pio/build/wokwi_sim/FrameworkArduino/esp32-hal-i2c-slave.c.o
Compiling .pio/build/wokwi_sim/FrameworkArduino/esp32-hal-i2c.c.o
Compiling .pio/build/wokwi_sim/FrameworkArduino/esp32-hal-ledc.c.o
Compiling .pio/build/wokwi_sim/FrameworkArduino/esp32-hal-matrix.c.o
Compiling .pio/build/wokwi_sim/FrameworkArduino/esp32-hal-misc.c.o
Compiling .pio/build/wokwi_sim/FrameworkArduino/esp32-hal-psram.c.o
Compiling .pio/build/wokwi_sim/FrameworkArduino/esp32-hal-rgb-led.c.o
Compiling .pio/build/wokwi_sim/FrameworkArduino/esp32-hal-rmt.c.o
Compiling .pio/build/wokwi_sim/FrameworkArduino/esp32-hal-sigmadelta.c.o
Compiling .pio/build/wokwi_sim/FrameworkArduino/esp32-hal-spi.c.o
Compiling .pio/build/wokwi_sim/FrameworkArduino/esp32-hal-time.c.o
Compiling .pio/build/wokwi_sim/FrameworkArduino/esp32-hal-timer.c.o
Compiling .pio/build/wokwi_sim/FrameworkArduino/esp32-hal-tinyusb.c.o
Compiling .pio/build/wokwi_sim/FrameworkArduino/esp32-hal-touch.c.o
Compiling .pio/build/wokwi_sim/FrameworkArduino/esp32-hal-uart.c.o
Compiling .pio/build/wokwi_sim/FrameworkArduino/firmware_msc_fat.c.o
Compiling .pio/build/wokwi_sim/FrameworkArduino/libb64/cdecode.c.o
Compiling .pio/build/wokwi_sim/FrameworkArduino/libb64/cencode.c.o
Compiling .pio/build/wokwi_sim/FrameworkArduino/main.cpp.o
Compiling .pio/build/wokwi_sim/FrameworkArduino/stdlib_noniso.c.o
Compiling .pio/build/wokwi_sim/FrameworkArduino/wiring_pulse.c.o
Compiling .pio/build/wokwi_sim/FrameworkArduino/wiring_shift.c.o
Archiving .pio/build/wokwi_sim/libFrameworkArduino.a
Indexing .pio/build/wokwi_sim/libFrameworkArduino.a
Linking .pio/build/wokwi_sim/firmware.elf
Retrieving maximum program size .pio/build/wokwi_sim/firmware.elf
Checking size .pio/build/wokwi_sim/firmware.elf
Advanced Memory Usage is available via "PlatformIO Home > Project Inspect"
RAM:   [=         ]   6.5% (used 21380 bytes from 327680 bytes)
Flash: [=         ]   5.5% (used 357829 bytes from 6553600 bytes)
Building .pio/build/wokwi_sim/firmware.bin with action:
  "$PYTHONEXE" "$OBJCOPY" --chip esp32s3 elf2image --flash_mode ${__get_board_flash_mode(__env__)} --flash_freq ${__get_board_f_image(__env__)} --flash_size 16MB --elf-sha256-offset 0xb0 -o $TARGET $SOURCES
Building .pio/build/wokwi_sim/firmware.bin
esptool.py v4.11.0
Creating esp32s3 image...
Merged 2 ELF sections
Successfully created esp32s3 image.
Configuring upload protocol...
AVAILABLE: cmsis-dap, esp-bridge, esp-builtin, esp-prog, espota, esptool, iot-bus-jtag, jlink, minimodule, olimex-arm-usb-ocd, olimex-arm-usb-ocd-h, olimex-arm-usb-tiny-h, olimex-jtag-tiny, tumpa
CURRENT: upload_protocol = esptool
Looking for upload port...
Using manually specified: /dev/cu.usbmodem14201
Uploading .pio/build/wokwi_sim/firmware.bin
esptool.py v4.11.0
Serial port /dev/cu.usbmodem14201
Connecting...
Chip is ESP32-S3 (QFN56) (revision v0.2)
Features: WiFi, BLE, Embedded PSRAM 8MB (AP_3v3)
Crystal is 40MHz
USB mode: USB-Serial/JTAG
MAC: e0:72:a1:db:c6:20
Uploading stub...
Running stub...
Stub running...
Changing baud rate to 460800
Changed.
Configuring flash size...
Flash will be erased from 0x00000000 to 0x00003fff...
Flash will be erased from 0x00008000 to 0x00008fff...
Flash will be erased from 0x0000e000 to 0x0000ffff...
Flash will be erased from 0x00010000 to 0x00067fff...
SHA digest in image updated
Compressed 15104 bytes to 10429...
Writing at 0x00000000... (100 %)
Wrote 15104 bytes (10429 compressed) at 0x00000000 in 0.2 seconds (effective 669.1 kbit/s)...
Hash of data verified.
Compressed 3072 bytes to 146...
Writing at 0x00008000... (100 %)
Wrote 3072 bytes (146 compressed) at 0x00008000 in 0.0 seconds (effective 664.6 kbit/s)...
Hash of data verified.
Compressed 8192 bytes to 47...
Writing at 0x0000e000... (100 %)
Wrote 8192 bytes (47 compressed) at 0x0000e000 in 0.1 seconds (effective 943.4 kbit/s)...
Hash of data verified.
Compressed 358192 bytes to 205824...
Writing at 0x00010000... (7 %)
Writing at 0x0001b5cd... (15 %)
Writing at 0x00026e9c... (23 %)
Writing at 0x0002c409... (30 %)
Writing at 0x00031e7e... (38 %)
Writing at 0x000384d3... (46 %)
Writing at 0x0003dfc4... (53 %)
Writing at 0x00043455... (61 %)
Writing at 0x00048a35... (69 %)
Writing at 0x0004e040... (76 %)
Writing at 0x0005388b... (84 %)
Writing at 0x0005bd98... (92 %)
Writing at 0x00064227... (100 %)
Wrote 358192 bytes (205824 compressed) at 0x00010000 in 2.2 seconds (effective 1289.7 kbit/s)...
Hash of data verified.

Leaving...
Hard resetting via RTS pin...
========================= [SUCCESS] Took 32.66 seconds =========================

Environment    Status    Duration
-------------  --------  ------------
wokwi_sim      SUCCESS   00:00:32.664
========================= 1 succeeded in 00:00:32.664 =========================
== Running HIL scenario: /Users/joblaundry/JobLaundry/drone/testrun/src_mpu/simulate/scenarios/edge_geofence_breach.py ==
[HIL] Opening /dev/cu.usbmodem14201...
[HIL] Waiting for firmware (PING handshake)...
[FW] '[SENSORS] Sim mode -- sensors driven by the HIL runner.'
[FW] '[HIL] Ready.'
[FW] '[HIL] Ready.'
[FW] '[HIL] Ready.'
[FW] '[HIL] State reset.'
[HIL] Firmware ready. Loading scenario: /Users/joblaundry/JobLaundry/drone/testrun/src_mpu/simulate/scenarios/edge_geofence_breach.py
[FW] '[CRSF] START switch -- arming and taking off.'
[FW] '[HIL_GATE] request=RAISE reason=OPERATOR_START'
[STATE] Drone is on the ground and ready. Gate: waiting for approval to enter RAISE.
[HIL] Approved phase transition to RAISE
[FW] '[HIL_GATE] approved=RAISE'
[STATE] Drone is climbing to takeoff altitude. Gate: no approval pending.
[FW] '[NAV] Takeoff altitude reached, transitioning to HOLD.'
[FW] '[HIL_GATE] request=HOLD reason=TAKEOFF_COMPLETE'
[STATE] Drone is climbing to takeoff altitude. Gate: waiting for approval to enter HOLD.
[HIL] Approved phase transition to HOLD
[FW] '[HIL_GATE] approved=HOLD'
[STATE] Drone is climbing to takeoff altitude. Gate: waiting for approval to enter HOLD.
[STATE] Drone is hovering in place. Gate: no approval pending.
[FW] '[SAFETY] Geofence exceeded — forcing RTL.'
[FW] '[HIL_GATE] request=RTL_CLIMB reason=GEOFENCE'
[STATE] Drone is hovering in place. Gate: waiting for approval to enter RTL_CLIMB.
[HIL] Approved phase transition to RTL_CLIMB
[FW] '[HIL_GATE] approved=RTL_CLIMB'
[STATE] Drone is hovering in place. Gate: waiting for approval to enter RTL_CLIMB.
[STATE] Drone is returning to launch: climbing to RTL altitude. Gate: no approval pending.
[FW] '[MOTOR] base=1.00 roll=0.000 pitch=0.000'
[FW] 'TL] Climb complete. Returning to launch.'
[FW] '[HIL_GATE] request=RTL_RETURN reason=RTL_CLIMB_COMPLETE'
[STATE] Drone is returning to launch: climbing to RTL altitude. Gate: waiting for approval to enter RTL_RETURN.
[HIL] Approved phase transition to RTL_RETURN
[FW] '[HIL_GATE] approved=RTL_RETURN'
[STATE] Drone is returning to launch: climbing to RTL altitude. Gate: waiting for approval to enter RTL_RETURN.
[STATE] Drone is returning to launch: flying toward the launch point. Gate: no approval pending.
[FW] '[MOTOR] base=0.48 roll=0.000 pitch=0.000'
[FW] '[MOTOR] base=0.47 roll=-0.000 pitch=-0.167'
[FW] '[MOTOR] base=0.45 roll=-0.000 pitch=-0.194'
[FW] '[RTL] Arrived over launch pad. Settling.'
[FW] '[HIL_GATE] request=RTL_SETTLE reason=RTL_ARRIVED'
[STATE] Drone is returning to launch: flying toward the launch point. Gate: waiting for approval to enter RTL_SETTLE.
[HIL] Approved phase transition to RTL_SETTLE
[FW] '[HIL_GATE] approved=RTL_SETTLE'
[STATE] Drone is returning to launch: flying toward the launch point. Gate: waiting for approval to enter RTL_SETTLE.
[STATE] Drone is returning to launch: settling over the launch point. Gate: no approval pending.
[FW] '[RTL] Settle complete. Beginning landing.'
[FW] '[HIL_GATE] request=LANDING reason=RTL_COMPLETE'
[STATE] Drone is returning to launch: settling over the launch point. Gate: waiting for approval to enter LANDING.
[HIL] Approved phase transition to LANDING
[FW] '[HIL_GATE] approved=LANDING'
[STATE] Drone is returning to launch: settling over the launch point. Gate: waiting for approval to enter LANDING.
[STATE] Drone is descending to land. Gate: no approval pending.
[FW] '[HIL_GATE] request=LANDED reason=TOUCHDOWN'
[STATE] Drone is descending to land. Gate: waiting for approval to enter LANDED.
[HIL] Approved phase transition to LANDED
[FW] '[HIL_GATE] approved=LANDED'
[STATE] Drone is descending to land. Gate: waiting for approval to enter LANDED.
[STATE] Drone is on the ground with motors disarmed. Gate: no approval pending.

RESULT: PASS
== Passed HIL scenario: /Users/joblaundry/JobLaundry/drone/testrun/src_mpu/simulate/scenarios/edge_geofence_breach.py ==
== Running HIL scenario: /Users/joblaundry/JobLaundry/drone/testrun/src_mpu/simulate/scenarios/edge_gps_permanent_loss.py ==
[HIL] Opening /dev/cu.usbmodem14201...
[HIL] Waiting for firmware (PING handshake)...
[FW] '[HIL] Ready.'
[FW] '[HIL] State reset.'
[HIL] Firmware ready. Loading scenario: /Users/joblaundry/JobLaundry/drone/testrun/src_mpu/simulate/scenarios/edge_gps_permanent_loss.py
[FW] '[CRSF] START switch -- arming and taking off.'
[FW] '[HIL_GATE] request=RAISE reason=OPERATOR_START'
[STATE] Drone is on the ground and ready. Gate: waiting for approval to enter RAISE.
[HIL] Approved phase transition to RAISE
[FW] '[HIL_GATE] approved=RAISE'
[STATE] Drone is on the ground and ready. Gate: waiting for approval to enter RAISE.
[STATE] Drone is climbing to takeoff altitude. Gate: no approval pending.
[FW] '[NAV] Takeoff altitude reached, transitioning to HOLD.'
[FW] '[HIL_GATE] request=HOLD reason=TAKEOFF_COMPLETE'
[STATE] Drone is climbing to takeoff altitude. Gate: waiting for approval to enter HOLD.
[HIL] Approved phase transition to HOLD
[FW] '[HIL_GATE] approved=HOLD'
[STATE] Drone is climbing to takeoff altitude. Gate: waiting for approval to enter HOLD.
[STATE] Drone is hovering in place. Gate: no approval pending.
[FW] '[SAFETY] GPS fix lost — aborting directly to LANDING.'
[FW] '[HIL_GATE] request=LANDING reason=GPS_LOSS'
[STATE] Drone is hovering in place. Gate: waiting for approval to enter LANDING.
[HIL] Approved phase transition to LANDING
[FW] '[HIL_GATE] approved=LANDING'
[STATE] Drone is hovering in place. Gate: waiting for approval to enter LANDING.
[STATE] Drone is descending to land. Gate: no approval pending.
[FW] '[NAV] Landed — motors disarmed.'
[STATE] Drone is descending to land. Gate: waiting for approval to enter LANDED.
[HIL] Approved phase transition to LANDED
[FW] '[HIL_GATE] approved=LANDED'
[STATE] Drone is descending to land. Gate: waiting for approval to enter LANDED.
[STATE] Drone is on the ground with motors disarmed. Gate: no approval pending.

RESULT: PASS
== Passed HIL scenario: /Users/joblaundry/JobLaundry/drone/testrun/src_mpu/simulate/scenarios/edge_gps_permanent_loss.py ==
== Running HIL scenario: /Users/joblaundry/JobLaundry/drone/testrun/src_mpu/simulate/scenarios/edge_max_flight_timeout.py ==
[HIL] Opening /dev/cu.usbmodem14201...
[HIL] Waiting for firmware (PING handshake)...
[FW] '[HIL] Ready.'
[FW] '[HIL] State reset.'
[HIL] Firmware ready. Loading scenario: /Users/joblaundry/JobLaundry/drone/testrun/src_mpu/simulate/scenarios/edge_max_flight_timeout.py
[FW] '[CRSF] START switch -- arming and taking off.'
[FW] '[HIL_GATE] request=RAISE reason=OPERATOR_START'
[STATE] Drone is on the ground and ready. Gate: waiting for approval to enter RAISE.
[HIL] Approved phase transition to RAISE
[FW] '[HIL_GATE] approved=RAISE'
[STATE] Drone is on the ground and ready. Gate: waiting for approval to enter RAISE.
[STATE] Drone is climbing to takeoff altitude. Gate: no approval pending.
[FW] '[NAV] Takeoff altitude reached, transitioning to HOLD.'
[FW] '[HIL_GATE] request=HOLD reason=TAKEOFF_COMPLETE'
[STATE] Drone is climbing to takeoff altitude. Gate: waiting for approval to enter HOLD.
[HIL] Approved phase transition to HOLD
[FW] '[HIL_GATE] approved=HOLD'
[STATE] Drone is hovering in place. Gate: no approval pending.
[FW] '[SAFETY] Max flight time reached — forcing RTL.'
[FW] '[HIL_GATE] request=RTL_CLIMB reason=MAX_FLIGHT_TIME'
[STATE] Drone is hovering in place. Gate: waiting for approval to enter RTL_CLIMB.
[HIL] Approved phase transition to RTL_CLIMB
[FW] '[HIL_GATE] approved=RTL_CLIMB'
[STATE] Drone is returning to launch: climbing to RTL altitude. Gate: no approval pending.
[FW] '[Raunch.'
[FW] '[HIL_GATE] request=RTL_RETURN reason=RTL_CLIMB_COMPLETE'
[STATE] Drone is returning to launch: climbing to RTL altitude. Gate: waiting for approval to enter RTL_RETURN.
[HIL] Approved phase transition to RTL_RETURN
[FW] '[HIL_GATE] approved=RTL_RETURN'
[STATE] Drone is returning to launch: climbing to RTL altitude. Gate: waiting for approval to enter RTL_RETURN.
[STATE] Drone is returning to launch: flying toward the launch point. Gate: no approval pending.
[FW] '[RTL] Arrived over launch pad. Settling.'
[FW] '[HIL_GATE] request=RTL_SETTLE reason=RTL_ARRIVED'
[STATE] Drone is returning to launch: flying toward the launch point. Gate: waiting for approval to enter RTL_SETTLE.
[HIL] Approved phase transition to RTL_SETTLE
[FW] '[HIL_GATE] approved=RTL_SETTLE'
[STATE] Drone is returning to launch: settling over the launch point. Gate: no approval pending.
[FW] '[RTL] Settle complete. Beginning landing.'
[FW] 'ason=RTL_COMPLETE'
[STATE] Drone is returning to launch: settling over the launch point. Gate: waiting for approval to enter LANDING.
[HIL] Approved phase transition to LANDING
[FW] '[HIL_GATE] approved=LANDING'
[STATE] Drone is returning to launch: settling over the launch point. Gate: waiting for approval to enter LANDING.
[STATE] Drone is descending to land. Gate: no approval pending.
[FW] '[NAV] Landed — motors disarmed.'
[STATE] Drone is descending to land. Gate: waiting for approval to enter LANDED.
[HIL] Approved phase transition to LANDED
[FW] '[HIL_GATE] approved=LANDED'
[STATE] Drone is descending to land. Gate: waiting for approval to enter LANDED.
[STATE] Drone is on the ground with motors disarmed. Gate: no approval pending.

RESULT: PASS
== Passed HIL scenario: /Users/joblaundry/JobLaundry/drone/testrun/src_mpu/simulate/scenarios/edge_max_flight_timeout.py ==
== Running HIL scenario: /Users/joblaundry/JobLaundry/drone/testrun/src_mpu/simulate/scenarios/full_flight_test.py ==
[HIL] Opening /dev/cu.usbmodem14201...
[HIL] Waiting for firmware (PING handshake)...
[FW] '[HIL] Ready.'
[FW] '[HIL] State reset.'
[HIL] Firmware ready. Loading scenario: /Users/joblaundry/JobLaundry/drone/testrun/src_mpu/simulate/scenarios/full_flight_test.py
[FW] '[CRSF] START ignored -- no GPS fix.'
[STATE] Drone is on the ground and ready. Gate: no approval pending.
[FW] '[CRSF] START switch -- arming and taking off.'
[FW] '[HIL_GATE] request=RAISE reason=OPERATOR_START'
[STATE] Drone is on the ground and ready. Gate: waiting for approval to enter RAISE.
[HIL] Approved phase transition to RAISE
[FW] '[HIL_GATE] approved=RAISE'
[STATE] Drone is climbing to takeoff altitude. Gate: no approval pending.
[FW] '[CRSF] START ignored -- already flying/busy (phase: RAISE)'
[STATE] Drone is climbing to takeoff altitude. Gate: no approval pending.
[FW] '[NAV] Takeoff altitude reached, transitioning to HOLD.'
[FW] '[HIL_GATE] request=HOLD reason=TAKEOFF_COMPLETE'
[STATE] Drone is climbing to takeoff altitude. Gate: waiting for approval to enter HOLD.
[HIL] Approved phase transition to HOLD
[FW] '[HIL_GATE] approved=HOLD'
[STATE] Drone is climbing to takeoff altitude. Gate: waiting for approval to enter HOLD.
[STATE] Drone is hovering in place. Gate: no approval pending.
[FW] '[CRSF] START switch -- starting waypoint mission.'
[FW] '[HIL_GATE] request=MISSION reason=OPERATOR_START'
[STATE] Drone is hovering in place. Gate: waiting for approval to enter MISSION.
[HIL] Approved phase transition to MISSION
[FW] '[HIL_GATE] approved=MISSION'
[STATE] Drone is hovering in place. Gate: waiting for approval to enter MISSION.
[FW] '[NAV] Reached waypoint 0 — advancing.'
[STATE] Drone is following the mission route. Gate: no approval pending.
[FW] '[CRSF] STOP switch -- emergency stop.'
[FW] '[HIL_GATE] request=PARKED reason=EMERGENCY_STOP'
[STATE] Drone is following the mission route. Gate: waiting for approval to enter PARKED.
[HIL] Approved phase transition to PARKED
[FW] '[HIL_GATE] approved=PARKED'
[STATE] Drone is following the mission route. Gate: waiting for approval to enter PARKED.
[STATE] Drone is on the ground and ready. Gate: no approval pending.
[FW] '[CRSF] START switch -- arming and taking off.'
[FW] '[HIL_GATE] request=RAISE reason=OPERATOR_START'
[STATE] Drone is on the ground and ready. Gate: waiting for approval to enter RAISE.
[HIL] Approved phase transition to RAISE
[FW] '[HIL_GATE] approved=RAISE'
[STATE] Drone is climbing to takeoff altitude. Gate: no approval pending.
[FW] '[NAV] Takeoff altitude reached, transitioning to HOLD.'
[FW] '[HIL_GATE] request=HOLD reason=TAKEOFF_COMPLETE'
[STATE] Drone is climbing to takeoff altitude. Gate: waiting for approval to enter HOLD.
[HIL] Approved phase transition to HOLD
[FW] '[HIL_GATE] approved=HOLD'
[STATE] Drone is climbing to takeoff altitude. Gate: waiting for approval to enter HOLD.
[STATE] Drone is hovering in place. Gate: no approval pending.
[FW] '[CRSF] START switch -- starting waypoint mission.'
[FW] '[HIL_GATE] request=MISSION reason=OPERATOR_START'
[STATE] Drone is hovering in place. Gate: waiting for approval to enter MISSION.
[HIL] Approved phase transition to MISSION
[FW] '[HIL_GATE] approved=MISSION'
[STATE] Drone is hovering in place. Gate: waiting for approval to enter MISSION.
[STATE] Drone is following the mission route. Gate: no approval pending.
[FW] '[NAV] Reached waypoint 2 — advancing.'
[STATE] Drone is following the mission route. Gate: no approval pending.
[FW] '[NAV] Reacheng.'
[FW] '[HIL_GATE] request=HOVER_SETTLE reason=MISSION_COMPLETE'
[FW] '[NAV] Mission complete — hovering before landing.'
[STATE] Drone is following the mission route. Gate: waiting for approval to enter HOVER_SETTLE.
[HIL] Approved phase transition to HOVER_SETTLE
[FW] '[HIL_GATE] approved=HOVER_SETTLE'
[STATE] Drone is following the mission route. Gate: waiting for approval to enter HOVER_SETTLE.
[STATE] Drone is hovering over the launch point before landing. Gate: no approval pending.
[FW] '[HIL_GATE] request=LANDING reason=HOVER_COMPLETE'
[FW] '[NAV] Hover complete — beginning automatic landing.'
[STATE] Drone is hovering over the launch point before landing. Gate: waiting for approval to enter LANDING.
[HIL] Approved phase transition to LANDING
[FW] '[HIL_GATE] approved=LANDING'
[STATE] Drone is hovering over the launch point before landing. Gate: waiting for approval to enter LANDING.
[STATE] Drone is descending to land. Gate: no approval pending.
[FW] '[HIL_GATE] request=LANDED reason=TOUCHDOWN'
[FW] '— motors disarmed.'
[STATE] Drone is descending to land. Gate: waiting for approval to enter LANDED.
[HIL] Approved phase transition to LANDED
[FW] '[HIL_GATE] approved=LANDED'
[STATE] Drone is descending to land. Gate: waiting for approval to enter LANDED.
[STATE] Drone is on the ground with motors disarmed. Gate: no approval pending.

RESULT: PASS
== Passed HIL scenario: /Users/joblaundry/JobLaundry/drone/testrun/src_mpu/simulate/scenarios/full_flight_test.py ==
== Running HIL scenario: /Users/joblaundry/JobLaundry/drone/testrun/src_mpu/simulate/scenarios/manual_flight_test.py ==
[HIL] Opening /dev/cu.usbmodem14201...
[HIL] Waiting for firmware (PING handshake)...
[FW] '[HIL] Ready.'
[FW] '[HIL] State reset.'
[HIL] Firmware ready. Loading scenario: /Users/joblaundry/JobLaundry/drone/testrun/src_mpu/simulate/scenarios/manual_flight_test.py
[FW] '[CRSF] MANUAL switch -- pilot has the sticks.'
[FW] '[HIL_GATE] request=MANUAL reason=MANUAL_ON'
[STATE] Drone is on the ground and ready. Gate: waiting for approval to enter MANUAL.
[HIL] Approved phase transition to MANUAL
[FW] '[HIL_GATE] approved=MANUAL'
[STATE] Drone is flying under manual RC-stick control. Gate: no approval pending.
[FW] '[MANUAL] targetAlt=0.00 targetRoll=0.00 targetPitch=0.00 yaw=90.0 anchored=0 base=0.00'
[FW] '[MANUAL] targetAlt=4.50 targetRoll=0.00 targetPitch=0.00 yaw=90.0 anchored=1 base=0.40'
[FW] '[MANUAL] targetAlt=4.50 targetRoll=0.00 targetPitch=0.00 yaw=90.0 anchored=1 base=0.40'
[FW] '[MANUAL] targetAlt=4.50 targetRoll=0.00 targetPitch=0.00 yaw=90.0 anchored=1 base=0.43'
[FW] '[MANUAL] targetAlt=4.50 targetRoll=0.00 targetPitch=0.00 yaw=90.0 anchored=1 base=0.45'
[FW] '[MANUAL] targetAlt=4.50 targetRoll=-0.00 targetPitch=-8.01 yaw=90.0 anchored=1 base=0.52'
[FW] '[MANUAL] targetAlt=4.50 targetRoll=15.00 targetPitch=0.00 yaw=90.0 anchored=0 base=0.54'
[FW] '[MANUAL] targetAlt=4.50 targetRoll=0.00 targetPitch=0.00 yaw=90.0 anchored=1 base=0.56'
[FW] '[CRSF] MANUAL switch off -- handing back to auto-hover.'
[FW] '[HIL_GATE] request=HOLD reason=MANUAL_OFF'
[STATE] Drone is flying under manual RC-stick control. Gate: waiting for approval to enter HOLD.
[HIL] Approved phase transition to HOLD
[FW] '[HIL_GATE] approved=HOLD'
[STATE] Drone is flying under manual RC-stick control. Gate: waiting for approval to enter HOLD.
[STATE] Drone is hovering in place. Gate: no approval pending.
[FW] '[CRSF] STOP switch -- emergency stop.'
[FW] '[HIL_GATE] request=PARKED reason=EMERGENCY_STOP'
[STATE] Drone is hovering in place. Gate: waiting for approval to enter PARKED.
[HIL] Approved phase transition to PARKED
[FW] '[HIL_GATE] approved=PARKED'
[STATE] Drone is hovering in place. Gate: waiting for approval to enter PARKED.
[STATE] Drone is on the ground and ready. Gate: no approval pending.

RESULT: PASS
== Passed HIL scenario: /Users/joblaundry/JobLaundry/drone/testrun/src_mpu/simulate/scenarios/manual_flight_test.py ==
== All selected HIL scenarios passed ==
