Run log: /Users/joblaundry/JobLaundry/drone/testrun/src_mpu/simulate/logs/sim_20260927_215217.log
== On-ESP sim scenarios ==
  field_patrol.py
  geofence_breach.py
  gps_loss.py
  max_timeout.py
  low_battery.py
  rc_loss.py
  land_switch.py
  test_route.py
  manual_flight.py
  stabilization.py
== Uploading flight settings (data/) to /dev/cu.usbmodem14101 ==
Processing sim (platform: espressif32; board: esp32-s3-devkitc-1-n16r8; framework: arduino)
--------------------------------------------------------------------------------
Verbose mode can be enabled via `-v, --verbose` option
CONFIGURATION: https://docs.platformio.org/page/boards/espressif32/esp32-s3-devkitc-1-n16r8.html
PLATFORM: Espressif 32 (7.0.1) > Espressif ESP32-S3-DevKitC-1-N16R8 (16 MB, 8 MB PSRAM)
HARDWARE: ESP32S3 240MHz, 320KB RAM, 16MB Flash
DEBUG: Current (esp-builtin) On-board (esp-builtin) External (cmsis-dap, esp-bridge, esp-prog, iot-bus-jtag, jlink, minimodule, olimex-arm-usb-ocd, olimex-arm-usb-ocd-h, olimex-arm-usb-tiny-h, olimex-jtag-tiny, tumpa)
PACKAGES: 
 - framework-arduinoespressif32 @ 3.20017.241212+sha.dcc1105b 
 - tool-esptoolpy @ 2.41100.0 (4.11.0) 
 - tool-mkfatfs @ 2.0.1 
 - tool-mklittlefs @ 1.203.210628 (2.3) 
 - tool-mkspiffs @ 2.230.0 (2.30) 
 - tool-openocd-esp32 @ 2.1100.20220706 (11.0) 
 - toolchain-riscv32-esp @ 8.4.0+2021r2-patch5 
 - toolchain-xtensa-esp32s3 @ 8.4.0+2021r2-patch5
LDF: Library Dependency Finder -> https://bit.ly/configure-pio-ldf
LDF Modes: Finder ~ chain, Compatibility ~ soft
Found 44 compatible libraries
Scanning dependencies...
Dependency Graph
|-- Adafruit MPU6050 @ 2.2.9
|-- Adafruit Unified Sensor @ 1.1.15
|-- ArduinoJson @ 7.4.3
|-- Madgwick @ 1.2.0
|-- Adafruit BME280 Library @ 2.3.0
|-- TinyGPSPlus @ 1.1.0
|-- QMC5883LCompass @ 1.2.3
|-- LittleFS @ 2.0.0
|-- QuadSim @ 0.1.0
|-- Preferences @ 2.0.0
|-- Wire @ 2.0.0
Building in release mode
Building FS image from 'data' directory to .pio/build/sim/littlefs.bin
/index.html
/flightsettings.json
/script.js.gz
/script.js
/style.css
/index.html.gz
/style.css.gz
Looking for upload port...
Using manually specified: /dev/cu.usbmodem14101
Uploading .pio/build/sim/littlefs.bin
esptool.py v4.11.0
Serial port /dev/cu.usbmodem14101
Connecting...
Chip is ESP32-S3 (QFN56) (revision v0.2)
Features: WiFi, BLE, Embedded PSRAM 8MB (AP_3v3)
Crystal is 40MHz
USB mode: USB-Serial/JTAG
MAC: e0:72:a1:db:c6:20
Uploading stub...
Running stub...
Stub running...
Changing baud rate to 460800
Changed.
Configuring flash size...
Flash will be erased from 0x00c90000 to 0x00feffff...
Compressed 3538944 bytes to 17045...
Writing at 0x00c90000... (50 %)
Writing at 0x00f4ae0f... (100 %)
Wrote 3538944 bytes (17045 compressed) at 0x00c90000 in 15.6 seconds (effective 1809.9 kbit/s)...
Hash of data verified.

Leaving...
Hard resetting via RTS pin...
========================= [SUCCESS] Took 23.55 seconds =========================

Environment    Status    Duration
-------------  --------  ------------
sim            SUCCESS   00:00:23.549
========================= 1 succeeded in 00:00:23.549 =========================
== Flashing sim app to /dev/cu.usbmodem14101 ==
Processing sim (platform: espressif32; board: esp32-s3-devkitc-1-n16r8; framework: arduino)
--------------------------------------------------------------------------------
Verbose mode can be enabled via `-v, --verbose` option
CONFIGURATION: https://docs.platformio.org/page/boards/espressif32/esp32-s3-devkitc-1-n16r8.html
PLATFORM: Espressif 32 (7.0.1) > Espressif ESP32-S3-DevKitC-1-N16R8 (16 MB, 8 MB PSRAM)
HARDWARE: ESP32S3 240MHz, 320KB RAM, 16MB Flash
DEBUG: Current (esp-builtin) On-board (esp-builtin) External (cmsis-dap, esp-bridge, esp-prog, iot-bus-jtag, jlink, minimodule, olimex-arm-usb-ocd, olimex-arm-usb-ocd-h, olimex-arm-usb-tiny-h, olimex-jtag-tiny, tumpa)
PACKAGES: 
 - framework-arduinoespressif32 @ 3.20017.241212+sha.dcc1105b 
 - tool-esptoolpy @ 2.41100.0 (4.11.0) 
 - tool-mkfatfs @ 2.0.1 
 - tool-mklittlefs @ 1.203.210628 (2.3) 
 - tool-mkspiffs @ 2.230.0 (2.30) 
 - tool-openocd-esp32 @ 2.1100.20220706 (11.0) 
 - toolchain-riscv32-esp @ 8.4.0+2021r2-patch5 
 - toolchain-xtensa-esp32s3 @ 8.4.0+2021r2-patch5
LDF: Library Dependency Finder -> https://bit.ly/configure-pio-ldf
LDF Modes: Finder ~ chain, Compatibility ~ soft
Found 44 compatible libraries
Scanning dependencies...
Dependency Graph
|-- Adafruit MPU6050 @ 2.2.9
|-- Adafruit Unified Sensor @ 1.1.15
|-- ArduinoJson @ 7.4.3
|-- Madgwick @ 1.2.0
|-- Adafruit BME280 Library @ 2.3.0
|-- TinyGPSPlus @ 1.1.0
|-- QMC5883LCompass @ 1.2.3
|-- LittleFS @ 2.0.0
|-- QuadSim @ 0.1.0
|-- Preferences @ 2.0.0
|-- Wire @ 2.0.0
Building in release mode
Retrieving maximum program size .pio/build/sim/firmware.elf
Checking size .pio/build/sim/firmware.elf
Advanced Memory Usage is available via "PlatformIO Home > Project Inspect"
RAM:   [=         ]   6.8% (used 22228 bytes from 327680 bytes)
Flash: [=         ]   6.5% (used 427213 bytes from 6553600 bytes)
Configuring upload protocol...
AVAILABLE: cmsis-dap, esp-bridge, esp-builtin, esp-prog, espota, esptool, iot-bus-jtag, jlink, minimodule, olimex-arm-usb-ocd, olimex-arm-usb-ocd-h, olimex-arm-usb-tiny-h, olimex-jtag-tiny, tumpa
CURRENT: upload_protocol = esptool
Looking for upload port...
Using manually specified: /dev/cu.usbmodem14101
Uploading .pio/build/sim/firmware.bin
esptool.py v4.11.0
Serial port /dev/cu.usbmodem14101
Connecting...
Chip is ESP32-S3 (QFN56) (revision v0.2)
Features: WiFi, BLE, Embedded PSRAM 8MB (AP_3v3)
Crystal is 40MHz
USB mode: USB-Serial/JTAG
MAC: e0:72:a1:db:c6:20
Uploading stub...
Running stub...
Stub running...
Changing baud rate to 460800
Changed.
Configuring flash size...
Flash will be erased from 0x00000000 to 0x00003fff...
Flash will be erased from 0x00008000 to 0x00008fff...
Flash will be erased from 0x0000e000 to 0x0000ffff...
Flash will be erased from 0x00010000 to 0x00078fff...
SHA digest in image updated
Compressed 15104 bytes to 10429...
Writing at 0x00000000... (100 %)
Wrote 15104 bytes (10429 compressed) at 0x00000000 in 0.2 seconds (effective 649.5 kbit/s)...
Hash of data verified.
Compressed 3072 bytes to 146...
Writing at 0x00008000... (100 %)
Wrote 3072 bytes (146 compressed) at 0x00008000 in 0.0 seconds (effective 665.7 kbit/s)...
Hash of data verified.
Compressed 8192 bytes to 47...
Writing at 0x0000e000... (100 %)
Wrote 8192 bytes (47 compressed) at 0x0000e000 in 0.1 seconds (effective 941.3 kbit/s)...
Hash of data verified.
Compressed 427584 bytes to 246437...
Writing at 0x00010000... (6 %)
Writing at 0x0001b559... (12 %)
Writing at 0x0002aa60... (18 %)
Writing at 0x0002feff... (25 %)
Writing at 0x00036146... (31 %)
Writing at 0x0003bf67... (37 %)
Writing at 0x000418d2... (43 %)
Writing at 0x0004704b... (50 %)
Writing at 0x0004c624... (56 %)
Writing at 0x000516d5... (62 %)
Writing at 0x00056828... (68 %)
Writing at 0x0005c358... (75 %)
Writing at 0x00062639... (81 %)
Writing at 0x0006c2ef... (87 %)
Writing at 0x00072327... (93 %)
Writing at 0x00078216... (100 %)
Wrote 427584 bytes (246437 compressed) at 0x00010000 in 2.7 seconds (effective 1290.1 kbit/s)...
Hash of data verified.

Leaving...
Hard resetting via RTS pin...
========================= [SUCCESS] Took 8.36 seconds =========================

Environment    Status    Duration
-------------  --------  ------------
sim            SUCCESS   00:00:08.357
========================= 1 succeeded in 00:00:08.357 =========================
== Running on-ESP sim: field_patrol.py ==
[esp-sim] connected /dev/cu.usbmodem14101 (reset -> fresh flight)
[esp-sim] scenario 'full'; waiting up to 320s to finish...
   [FC] Flight controller running. Mission: Farmer field fence line (8 waypoints).
   [SCENARIO] selected: full
   [NAV] Takeoff altitude reached, transitioning to HOLD.
   [NAV] Reached waypoint
   [NAV] Reached waypoint
   [NAV] cing.
   [NAV]
   [NAV] Reached waypoint 5 — advancing.
   [NAV] Reached waypoint 7 — advancing.
   [NAV] Mission complete — ho
   [NAV] Hover complete — beginning automatic landing.
   [NAV] Landed — motors disar
[esp-sim] finished -- requesting log
[field_patrol] closest approach to each corner:
   wp0 corner2: 0.2 m
   wp1 corner3: 1.3 m
   wp2 corner4: 3.3 m
   wp3 corner5: 0.6 m
   wp4 corner6: 1.0 m
   wp5 corner7: 1.0 m
   wp6 corner8: 3.3 m
   wp7 corner1: 0.0 m
[field_patrol] phases: PARKED -> RAISE -> MISSION -> HOVER_SETTLE -> LANDING -> LANDED
[field_patrol] max dist out: 302 m   lands 1.8 m from home   worst corner 3.3 m
[esp-sim] wrote 2647 samples -> /Users/joblaundry/JobLaundry/drone/testrun/src_mpu/simulate/logs/field_patrol.json
[field_patrol] PASS
PASS  field_patrol.py  (-> /Users/joblaundry/JobLaundry/drone/testrun/src_mpu/simulate/logs/field_patrol.json)
== Running on-ESP sim: geofence_breach.py ==
[esp-sim] connected /dev/cu.usbmodem14101 (reset -> fresh flight)
[esp-sim] scenario 'geofence'; waiting up to 180s to finish...
   [FC] Flight controller running. Mission: Farmer field fence line (8 waypoints).
   [SCENARIO] selected: geofence
   [NAV] Takeoff altitude reached, transitioning to HOLD.
   [SAFETY] Geofence exceeded — forcing RTL.
[esp-sim] wait elapsed -- requesting log
[geofence] phases: PARKED -> RAISE -> MISSION -> RTL_CLIMB -> RTL_RETURN -> RTL_SETTLE -> LANDING -> LANDED
[esp-sim] wrote 1785 samples -> /Users/joblaundry/JobLaundry/drone/testrun/src_mpu/simulate/logs/geofence_breach.json
[geofence] PASS (geofence -> RTL -> landed)
PASS  geofence_breach.py  (-> /Users/joblaundry/JobLaundry/drone/testrun/src_mpu/simulate/logs/geofence_breach.json)
== Running on-ESP sim: gps_loss.py ==
[esp-sim] connected /dev/cu.usbmodem14101 (reset -> fresh flight)
[esp-sim] scenario 'gpsloss'; waiting up to 120s to finish...
   [FC] Flight controller running. Mission: Farmer field fence line (8 waypoints).
   [SCENARIO] selected: gpsloss
   [NAV] Takeoff altitude reached, transitioning to HOLD.
   [SCENARIO] GPS fix dropped
   [SAFETY] GPS fix lost — aborting directly to LANDING.
   [NAV] Landed — motors disarmed.
[esp-sim] finished -- requesting log
[gpsloss] phases: PARKED -> RAISE -> HOLD -> LANDING -> LANDED
[esp-sim] wrote 224 samples -> /Users/joblaundry/JobLaundry/drone/testrun/src_mpu/simulate/logs/gps_loss.json
[gpsloss] PASS (GPS lost -> direct LANDING)
PASS  gps_loss.py  (-> /Users/joblaundry/JobLaundry/drone/testrun/src_mpu/simulate/logs/gps_loss.json)
== Running on-ESP sim: max_timeout.py ==
[esp-sim] connected /dev/cu.usbmodem14101 (reset -> fresh flight)
[esp-sim] scenario 'timeout'; waiting up to 180s to finish...
   [FC] Flight controller running. Mission: Farmer field fence line (8 waypoints).
   [SCENARIO] selected: timeout
   [SAFETY] Max flight time reached — landing here.
   [NAV] Landed — motors disarmed.
[esp-sim] finished -- requesting log
[timeout] phases: PARKED -> RAISE -> MISSION -> LANDING -> LANDED   LANDING began at 21s
[esp-sim] wrote 445 samples -> /Users/joblaundry/JobLaundry/drone/testrun/src_mpu/simulate/logs/max_timeout.json
[timeout] PASS (max flight time -> landed where it was)
PASS  max_timeout.py  (-> /Users/joblaundry/JobLaundry/drone/testrun/src_mpu/simulate/logs/max_timeout.json)
== Running on-ESP sim: low_battery.py ==
[esp-sim] connected /dev/cu.usbmodem14101 (reset -> fresh flight)
[esp-sim] scenario 'lowbatt'; waiting up to 240s to finish...
   [FC] Flight controller running. Mission: Farmer field fence line (8 waypoints).
   [SCENARIO] selected: lowbatt
   [NAV] Reached waypoint 0 — advancing.
   [NAV] Reached waypoint 1 — advancing.
   [NAV] Reached waypoint 2 — advancing.
   [SAFETY] Battery low — landing here.
   [NAV] Landed — motors disarmed.
[esp-sim] finished -- requesting log
[lowbatt] phases: PARKED -> RAISE -> MISSION -> 62.4 -> LANDING -> LANDED
[lowbatt] landing began at 97s, 2.97 V/cell, 226 mAh used (est.)
[esp-sim] wrote 1182 samples -> /Users/joblaundry/JobLaundry/drone/testrun/src_mpu/simulate/logs/low_battery.json
[lowbatt] PASS (low battery -> landed where it was)
PASS  low_battery.py  (-> /Users/joblaundry/JobLaundry/drone/testrun/src_mpu/simulate/logs/low_battery.json)
== Running on-ESP sim: rc_loss.py ==
[esp-sim] connected /dev/cu.usbmodem14101 (reset -> fresh flight)
[esp-sim] scenario 'rcloss'; waiting up to 180s to finish...
   [FC] Flight controller running. Mission: Farmer field fence line (8 waypoints).
   [SCENARIO] selected: rcloss
   [SCENARIO] radio link cut
   [SAFETY] Radio link lost — returning to launch.
   [NAV] Landed — mot
[esp-sim] finished -- requesting log
[rcloss] phases: PARKED -> RAISE -> MISSION -> RTL_CLIMB -> RTL_RETURN -> RTL_SETTLE -> LANDING -> LANDED
[esp-sim] wrote 789 samples -> /Users/joblaundry/JobLaundry/drone/testrun/src_mpu/simulate/logs/rc_loss.json
[rcloss] PASS (radio lost -> RTL -> landed)
PASS  rc_loss.py  (-> /Users/joblaundry/JobLaundry/drone/testrun/src_mpu/simulate/logs/rc_loss.json)
== Running on-ESP sim: land_switch.py ==
[esp-sim] connected /dev/cu.usbmodem14101 (reset -> fresh flight)
[esp-sim] scenario 'land'; waiting up to 120s to finish...
   [FC] Flight controller running. Mission: Farmer field fence line (8 waypoints).
   [SCENARIO] selected: land
   [NAV] Takeoff altitude reached, transitioning to HOLD.
   [CRSF] LAND switch -- landing here.
   [SCENARIO] LAND switch flipped
[esp-sim] wait elapsed -- requesting log
[land] phases: PARKED -> RAISE -> HOLD -> LANDING -> LANDED
[esp-sim] wrote 1186 samples -> /Users/joblaundry/JobLaundry/drone/testrun/src_mpu/simulate/logs/land_switch.json
[land] PASS (LAND switch -> landed where it was)
PASS  land_switch.py  (-> /Users/joblaundry/JobLaundry/drone/testrun/src_mpu/simulate/logs/land_switch.json)
== Running on-ESP sim: test_route.py ==
[esp-sim] connected /dev/cu.usbmodem14101 (reset -> fresh flight)
[esp-sim] scenario 'testroute'; waiting up to 180s to finish...
   [FC] Flight controller running. Mission: Farmer field fence line (8 waypoints).
   [FC] Mission set: 2 waypoints.
   [SCENARIO] selected: testroute
   [NAV] Reached waypoint 0 — advancing.
   [NAV] ng before landing.
   [NAV] Hover complete — beginning automatic landing.
[esp-sim] wait elapsed -- requesting log
[testroute] phases: PARKED -> RAISE -> MISSION -> HOVER_SETTLE -> LANDING -> LANDED
[testroute] farthest 28 m from home, landed 2.3 m from home
[esp-sim] wrote 1785 samples -> /Users/joblaundry/JobLaundry/drone/testrun/src_mpu/simulate/logs/test_route.json
[testroute] PASS (short route flown, landed at home)
PASS  test_route.py  (-> /Users/joblaundry/JobLaundry/drone/testrun/src_mpu/simulate/logs/test_route.json)
== Running on-ESP sim: manual_flight.py ==
[esp-sim] connected /dev/cu.usbmodem14101 (reset -> fresh flight)
[esp-sim] scenario 'manual'; waiting up to 60s to finish...
   [FC] Flight controller running. Mission: Farmer field fence line (8 waypoints).
   [SCENARIO] selected: manual
   [SCENARIO] manual control on
   [SCENARIO] ===SCENARIO_DONE===
[esp-sim] finished -- requesting log
[manual] phases: PARKED -> RAISE -> MANUAL   moved 9.0 m under manual control
[esp-sim] wrote 136 samples -> /Users/joblaundry/JobLaundry/drone/testrun/src_mpu/simulate/logs/manual_flight.json
[manual] PASS (MANUAL mode flew the drone)
PASS  manual_flight.py  (-> /Users/joblaundry/JobLaundry/drone/testrun/src_mpu/simulate/logs/manual_flight.json)
== Running on-ESP sim: stabilization.py ==
[esp-sim] connected /dev/cu.usbmodem14101 (reset -> fresh flight)
[esp-sim] scenario 'stab'; waiting up to 60s to finish...
   [FC] Flight controller running. Mission: Farmer field fence line (8 waypoints).
   [SCENARIO] selected: stab
   [SCENARIO] attitude kick applied
   [SCENARIO] ===SCENARIO_DONE===
[esp-sim] finished -- requesting log
[stab] peak roll after kick: 22.0 deg;  settled to 1.5 deg
[esp-sim] wrote 147 samples -> /Users/joblaundry/JobLaundry/drone/testrun/src_mpu/simulate/logs/stabilization.json
[stab] PASS (kicked ~22 deg, recovered to level)
PASS  stabilization.py  (-> /Users/joblaundry/JobLaundry/drone/testrun/src_mpu/simulate/logs/stabilization.json)

================================
Results: 10 passed, 0 failed
================================
