Run log: /Users/joblaundry/JobLaundry/drone/testrun/src_mpu/simulate/logs/sim_20261001_000320.log
== On-ESP sim scenarios ==
  land_switch.py
== Uploading flight settings (data/) to /dev/cu.usbmodem14201 ==
Processing sim (platform: espressif32; board: esp32-s3-devkitc-1-n16r8; framework: arduino)
--------------------------------------------------------------------------------
Verbose mode can be enabled via `-v, --verbose` option
CONFIGURATION: https://docs.platformio.org/page/boards/espressif32/esp32-s3-devkitc-1-n16r8.html
PLATFORM: Espressif 32 (7.0.1) > Espressif ESP32-S3-DevKitC-1-N16R8 (16 MB, 8 MB PSRAM)
HARDWARE: ESP32S3 240MHz, 320KB RAM, 16MB Flash
DEBUG: Current (esp-builtin) On-board (esp-builtin) External (cmsis-dap, esp-bridge, esp-prog, iot-bus-jtag, jlink, minimodule, olimex-arm-usb-ocd, olimex-arm-usb-ocd-h, olimex-arm-usb-tiny-h, olimex-jtag-tiny, tumpa)
PACKAGES: 
 - framework-arduinoespressif32 @ 3.20017.241212+sha.dcc1105b 
 - tool-esptoolpy @ 2.41100.0 (4.11.0) 
 - tool-mkfatfs @ 2.0.1 
 - tool-mklittlefs @ 1.203.210628 (2.3) 
 - tool-mkspiffs @ 2.230.0 (2.30) 
 - tool-openocd-esp32 @ 2.1100.20220706 (11.0) 
 - toolchain-riscv32-esp @ 8.4.0+2021r2-patch5 
 - toolchain-xtensa-esp32s3 @ 8.4.0+2021r2-patch5
LDF: Library Dependency Finder -> https://bit.ly/configure-pio-ldf
LDF Modes: Finder ~ chain, Compatibility ~ soft
Found 44 compatible libraries
Scanning dependencies...
Dependency Graph
|-- Adafruit MPU6050 @ 2.2.9
|-- Adafruit Unified Sensor @ 1.1.15
|-- ArduinoJson @ 7.4.3
|-- Madgwick @ 1.2.0
|-- Adafruit BME280 Library @ 2.3.0
|-- TinyGPSPlus @ 1.1.0
|-- QMC5883LCompass @ 1.2.3
|-- LittleFS @ 2.0.0
|-- QuadSim @ 0.1.0
|-- Preferences @ 2.0.0
|-- Wire @ 2.0.0
Building in release mode
Building FS image from 'data' directory to .pio/build/sim/littlefs.bin
/index.html
/flightsettings.json
/script.js.gz
/flightsettings/sim.land.json
/flightsettings/first_mission.json
/flightsettings/sim.rcloss.json
/flightsettings/sim.stab.json
/flightsettings/sim.geofence.json
/flightsettings/sim.lowbatt.json
/flightsettings/sim.manual.json
/flightsettings/sim.testroute.json
/flightsettings/sim.gpsloss.json
/flightsettings/sim.timeout.json
/flightsettings/sim.full.json
/flightsettings/sim.json
/script.js
/style.css
/index.html.gz
/style.css.gz
Looking for upload port...
Using manually specified: /dev/cu.usbmodem14201
Uploading .pio/build/sim/littlefs.bin
esptool.py v4.11.0
Serial port /dev/cu.usbmodem14201
Connecting...
Chip is ESP32-S3 (QFN56) (revision v0.2)
Features: WiFi, BLE, Embedded PSRAM 8MB (AP_3v3)
Crystal is 40MHz
USB mode: USB-Serial/JTAG
MAC: e0:72:a1:db:c6:20
Uploading stub...
Running stub...
Stub running...
Changing baud rate to 460800
Changed.
Configuring flash size...
Flash will be erased from 0x00c90000 to 0x00feffff...
Compressed 3538944 bytes to 18361...
Writing at 0x00c90000... (50 %)
Writing at 0x00e12758... (100 %)
Wrote 3538944 bytes (18361 compressed) at 0x00c90000 in 16.0 seconds (effective 1773.8 kbit/s)...
Hash of data verified.

Leaving...
Hard resetting via RTS pin...
========================= [SUCCESS] Took 24.24 seconds =========================

Environment    Status    Duration
-------------  --------  ------------
sim            SUCCESS   00:00:24.236
========================= 1 succeeded in 00:00:24.236 =========================
== Flashing sim app to /dev/cu.usbmodem14201 ==
Processing sim (platform: espressif32; board: esp32-s3-devkitc-1-n16r8; framework: arduino)
--------------------------------------------------------------------------------
Verbose mode can be enabled via `-v, --verbose` option
CONFIGURATION: https://docs.platformio.org/page/boards/espressif32/esp32-s3-devkitc-1-n16r8.html
PLATFORM: Espressif 32 (7.0.1) > Espressif ESP32-S3-DevKitC-1-N16R8 (16 MB, 8 MB PSRAM)
HARDWARE: ESP32S3 240MHz, 320KB RAM, 16MB Flash
DEBUG: Current (esp-builtin) On-board (esp-builtin) External (cmsis-dap, esp-bridge, esp-prog, iot-bus-jtag, jlink, minimodule, olimex-arm-usb-ocd, olimex-arm-usb-ocd-h, olimex-arm-usb-tiny-h, olimex-jtag-tiny, tumpa)
PACKAGES: 
 - framework-arduinoespressif32 @ 3.20017.241212+sha.dcc1105b 
 - tool-esptoolpy @ 2.41100.0 (4.11.0) 
 - tool-mkfatfs @ 2.0.1 
 - tool-mklittlefs @ 1.203.210628 (2.3) 
 - tool-mkspiffs @ 2.230.0 (2.30) 
 - tool-openocd-esp32 @ 2.1100.20220706 (11.0) 
 - toolchain-riscv32-esp @ 8.4.0+2021r2-patch5 
 - toolchain-xtensa-esp32s3 @ 8.4.0+2021r2-patch5
LDF: Library Dependency Finder -> https://bit.ly/configure-pio-ldf
LDF Modes: Finder ~ chain, Compatibility ~ soft
Found 44 compatible libraries
Scanning dependencies...
Dependency Graph
|-- Adafruit MPU6050 @ 2.2.9
|-- Adafruit Unified Sensor @ 1.1.15
|-- ArduinoJson @ 7.4.3
|-- Madgwick @ 1.2.0
|-- Adafruit BME280 Library @ 2.3.0
|-- TinyGPSPlus @ 1.1.0
|-- QMC5883LCompass @ 1.2.3
|-- LittleFS @ 2.0.0
|-- QuadSim @ 0.1.0
|-- Preferences @ 2.0.0
|-- Wire @ 2.0.0
Building in release mode
Retrieving maximum program size .pio/build/sim/firmware.elf
Checking size .pio/build/sim/firmware.elf
Advanced Memory Usage is available via "PlatformIO Home > Project Inspect"
RAM:   [=         ]   6.3% (used 20556 bytes from 327680 bytes)
Flash: [=         ]   5.9% (used 388305 bytes from 6553600 bytes)
Configuring upload protocol...
AVAILABLE: cmsis-dap, esp-bridge, esp-builtin, esp-prog, espota, esptool, iot-bus-jtag, jlink, minimodule, olimex-arm-usb-ocd, olimex-arm-usb-ocd-h, olimex-arm-usb-tiny-h, olimex-jtag-tiny, tumpa
CURRENT: upload_protocol = esptool
Looking for upload port...
Using manually specified: /dev/cu.usbmodem14201
Uploading .pio/build/sim/firmware.bin
esptool.py v4.11.0
Serial port /dev/cu.usbmodem14201
Connecting...
Chip is ESP32-S3 (QFN56) (revision v0.2)
Features: WiFi, BLE, Embedded PSRAM 8MB (AP_3v3)
Crystal is 40MHz
USB mode: USB-Serial/JTAG
MAC: e0:72:a1:db:c6:20
Uploading stub...
Running stub...
Stub running...
Changing baud rate to 460800
Changed.
Configuring flash size...
Flash will be erased from 0x00000000 to 0x00003fff...
Flash will be erased from 0x00008000 to 0x00008fff...
Flash will be erased from 0x0000e000 to 0x0000ffff...
Flash will be erased from 0x00010000 to 0x0006efff...
SHA digest in image updated
Compressed 15104 bytes to 10429...
Writing at 0x00000000... (100 %)
Wrote 15104 bytes (10429 compressed) at 0x00000000 in 0.2 seconds (effective 640.5 kbit/s)...
Hash of data verified.
Compressed 3072 bytes to 146...
Writing at 0x00008000... (100 %)
Wrote 3072 bytes (146 compressed) at 0x00008000 in 0.0 seconds (effective 661.1 kbit/s)...
Hash of data verified.
Compressed 8192 bytes to 47...
Writing at 0x0000e000... (100 %)
Wrote 8192 bytes (47 compressed) at 0x0000e000 in 0.1 seconds (effective 917.7 kbit/s)...
Hash of data verified.
Compressed 388672 bytes to 223156...
Writing at 0x00010000... (7 %)
Writing at 0x0001b3a5... (14 %)
Writing at 0x00029126... (21 %)
Writing at 0x0002e532... (28 %)
Writing at 0x00034590... (35 %)
Writing at 0x0003a17d... (42 %)
Writing at 0x00040084... (50 %)
Writing at 0x00045629... (57 %)
Writing at 0x0004ac50... (64 %)
Writing at 0x0004f8c3... (71 %)
Writing at 0x000550ac... (78 %)
Writing at 0x0005a81e... (85 %)
Writing at 0x00063c8d... (92 %)
Writing at 0x0006b2ad... (100 %)
Wrote 388672 bytes (223156 compressed) at 0x00010000 in 2.5 seconds (effective 1250.8 kbit/s)...
Hash of data verified.

Leaving...
Hard resetting via RTS pin...
========================= [SUCCESS] Took 8.86 seconds =========================

Environment    Status    Duration
-------------  --------  ------------
sim            SUCCESS   00:00:08.857
========================= 1 succeeded in 00:00:08.857 =========================
== Running on-ESP sim: land_switch.py ==
[esp-sim] connected /dev/cu.usbmodem14201 (reset -> fresh flight)
[esp-sim] scenario 'land'; waiting up to 120s to finish...
   [FC] Flight controller running. Mission: Farmer field fence line (8 waypoints).
   [SCENARIO] selected: land
   [NAV] Takeoff al
   [SCENARIO] LAND switch flipped
   [CRSF] LAND switch
   [NAV] Landed — motors disarmed.
[esp-sim] finished -- requesting log
[land] phases: PARKED -> RAISE -> HOLD -> LANDING -> LANDED
[esp-sim] wrote 200 samples -> /Users/joblaundry/JobLaundry/drone/testrun/src_mpu/simulate/logs/land_switch.json
[land] PASS (LAND switch -> landed where it was)
PASS  land_switch.py  (-> /Users/joblaundry/JobLaundry/drone/testrun/src_mpu/simulate/logs/land_switch.json)

================================
Results: 1 passed, 0 failed
================================
