Run log: /Users/joblaundry/JobLaundry/drone/testrun/src_mpu/simulate/logs/sim_20260919_211512.log
== On-ESP sim scenarios ==
  field_patrol.py
== Flashing sim firmware to /dev/cu.usbmodem14101 ==
Processing sim (platform: espressif32; board: esp32-s3-devkitc-1-n16r8; framework: arduino)
--------------------------------------------------------------------------------
Verbose mode can be enabled via `-v, --verbose` option
CONFIGURATION: https://docs.platformio.org/page/boards/espressif32/esp32-s3-devkitc-1-n16r8.html
PLATFORM: Espressif 32 (7.0.1) > Espressif ESP32-S3-DevKitC-1-N16R8 (16 MB, 8 MB PSRAM)
HARDWARE: ESP32S3 240MHz, 320KB RAM, 16MB Flash
DEBUG: Current (esp-builtin) On-board (esp-builtin) External (cmsis-dap, esp-bridge, esp-prog, iot-bus-jtag, jlink, minimodule, olimex-arm-usb-ocd, olimex-arm-usb-ocd-h, olimex-arm-usb-tiny-h, olimex-jtag-tiny, tumpa)
PACKAGES: 
 - framework-arduinoespressif32 @ 3.20017.241212+sha.dcc1105b 
 - tool-esptoolpy @ 2.41100.0 (4.11.0) 
 - tool-mkfatfs @ 2.0.1 
 - tool-mklittlefs @ 1.203.210628 (2.3) 
 - tool-mkspiffs @ 2.230.0 (2.30) 
 - tool-openocd-esp32 @ 2.1100.20220706 (11.0) 
 - toolchain-riscv32-esp @ 8.4.0+2021r2-patch5 
 - toolchain-xtensa-esp32s3 @ 8.4.0+2021r2-patch5
Converting ESP32_MPU_6050_Web_Server.ino
LDF: Library Dependency Finder -> https://bit.ly/configure-pio-ldf
LDF Modes: Finder ~ chain, Compatibility ~ soft
Found 46 compatible libraries
Scanning dependencies...
Dependency Graph
|-- AsyncTCP @ 3.5.0
|-- ESPAsyncWebServer @ 3.12.1
|-- Adafruit MPU6050 @ 2.2.9
|-- Adafruit Unified Sensor @ 1.1.15
|-- ArduinoJson @ 7.4.3
|-- Madgwick @ 1.2.0
|-- Adafruit BME280 Library @ 2.3.0
|-- TinyGPSPlus @ 1.1.0
|-- QMC5883LCompass @ 1.2.3
|-- Preferences @ 2.0.0
|-- LittleFS @ 2.0.0
|-- QuadSim @ 0.1.0
|-- Wire @ 2.0.0
Building in release mode
Compiling .pio/build/sim/src/ESP32_MPU_6050_Web_Server.ino.cpp.o
Retrieving maximum program size .pio/build/sim/firmware.elf
Checking size .pio/build/sim/firmware.elf
Advanced Memory Usage is available via "PlatformIO Home > Project Inspect"
RAM:   [=         ]   6.7% (used 21924 bytes from 327680 bytes)
Flash: [=         ]   6.0% (used 390533 bytes from 6553600 bytes)
Configuring upload protocol...
AVAILABLE: cmsis-dap, esp-bridge, esp-builtin, esp-prog, espota, esptool, iot-bus-jtag, jlink, minimodule, olimex-arm-usb-ocd, olimex-arm-usb-ocd-h, olimex-arm-usb-tiny-h, olimex-jtag-tiny, tumpa
CURRENT: upload_protocol = esptool
Looking for upload port...
Using manually specified: /dev/cu.usbmodem14101
Uploading .pio/build/sim/firmware.bin
esptool.py v4.11.0
Serial port /dev/cu.usbmodem14101
Connecting...
Chip is ESP32-S3 (QFN56) (revision v0.2)
Features: WiFi, BLE, Embedded PSRAM 8MB (AP_3v3)
Crystal is 40MHz
USB mode: USB-Serial/JTAG
MAC: e0:72:a1:db:c6:20
Uploading stub...
Running stub...
Stub running...
Changing baud rate to 460800
Changed.
Configuring flash size...
Flash will be erased from 0x00000000 to 0x00003fff...
Flash will be erased from 0x00008000 to 0x00008fff...
Flash will be erased from 0x0000e000 to 0x0000ffff...
Flash will be erased from 0x00010000 to 0x0006ffff...
SHA digest in image updated
Compressed 15104 bytes to 10429...
Writing at 0x00000000... (100 %)
Wrote 15104 bytes (10429 compressed) at 0x00000000 in 0.2 seconds (effective 663.8 kbit/s)...
Hash of data verified.
Compressed 3072 bytes to 146...
Writing at 0x00008000... (100 %)
Wrote 3072 bytes (146 compressed) at 0x00008000 in 0.0 seconds (effective 706.2 kbit/s)...
Hash of data verified.
Compressed 8192 bytes to 47...
Writing at 0x0000e000... (100 %)
Wrote 8192 bytes (47 compressed) at 0x0000e000 in 0.1 seconds (effective 938.2 kbit/s)...
Hash of data verified.
Compressed 390896 bytes to 227881...
Writing at 0x00010000... (7 %)
Writing at 0x0001ba0d... (14 %)
Writing at 0x000282c5... (21 %)
Writing at 0x0002d748... (28 %)
Writing at 0x0003322c... (35 %)
Writing at 0x00039168... (42 %)
Writing at 0x0003ee01... (50 %)
Writing at 0x0004417d... (57 %)
Writing at 0x000498a3... (64 %)
Writing at 0x0004e50a... (71 %)
Writing at 0x00053b93... (78 %)
Writing at 0x0005959d... (85 %)
Writing at 0x00061d59... (92 %)
Writing at 0x0006a0a3... (100 %)
Wrote 390896 bytes (227881 compressed) at 0x00010000 in 2.4 seconds (effective 1294.9 kbit/s)...
Hash of data verified.

Leaving...
Hard resetting via RTS pin...
========================= [SUCCESS] Took 10.07 seconds =========================

Environment    Status    Duration
-------------  --------  ------------
sim            SUCCESS   00:00:10.066
========================= 1 succeeded in 00:00:10.066 =========================
== Running on-ESP sim: field_patrol.py ==
[esp-sim] connected /dev/cu.usbmodem14101 (this resets the ESP and starts the flight)
[esp-sim] waiting up to 320s for the flight to land...
   [NAV] Takeoff altitude reached, transitioni
   [NAV] Reached waypoint 0 — advancing.
   [NAV] Reached waypoint 2 — advancing.
   [NAV] Reached waypoint 3
   [NAV] Reached waypoint 4 — advancing.
   [NAV] Reached waypoint 5 — advancing.
   [NAV] Reached waypoint 7 — advancing.
   [NAV] Hover complete — beginning automatic landing.
   [NAV] Landed — motors drmed.
[esp-sim] wait elapsed -- requesting log
[field_patrol] closest approach to each corner:
   wp0 corner2: 2.4 m
   wp1 corner3: 1.8 m
   wp2 corner4: 2.6 m
   wp3 corner5: 2.0 m
   wp4 corner6: 2.2 m
   wp5 corner7: 1.5 m
   wp6 corner8: 2.7 m
   wp7 corner1: 0.0 m
[field_patrol] phases: PARKED -> RAISE -> HOLD -> MISSION -> HOVER_SETTLE -> LANDING -> LANDED
[field_patrol] max dist out: 298 m   lands 2.1 m from home   worst corner 2.7 m
[esp-sim] wrote 3144 samples -> /Users/joblaundry/JobLaundry/drone/testrun/src_mpu/simulate/logs/field_patrol.json
[field_patrol] PASS
PASS  field_patrol.py  (-> /Users/joblaundry/JobLaundry/drone/testrun/src_mpu/simulate/logs/field_patrol.json)

================================
Results: 1 passed, 0 failed
================================
